[2025-11-27T11:16:41.357-0300] {local_task_job_runner.py:120} INFO - ::group::Pre task execution logs
[2025-11-27T11:16:41.369-0300] {taskinstance.py:2076} INFO - Dependencies all met for dep_context=non-requeueable deps ti=<TaskInstance: pipeline_credito.gold manual__2025-11-27T14:15:48.851547+00:00 [queued]>
[2025-11-27T11:16:41.372-0300] {taskinstance.py:2076} INFO - Dependencies all met for dep_context=requeueable deps ti=<TaskInstance: pipeline_credito.gold manual__2025-11-27T14:15:48.851547+00:00 [queued]>
[2025-11-27T11:16:41.372-0300] {taskinstance.py:2306} INFO - Starting attempt 1 of 1
[2025-11-27T11:16:41.378-0300] {taskinstance.py:2330} INFO - Executing <Task(BashOperator): gold> on 2025-11-27 14:15:48.851547+00:00
[2025-11-27T11:16:41.387-0300] {standard_task_runner.py:64} INFO - Started process 90715 to run task
[2025-11-27T11:16:41.390-0300] {standard_task_runner.py:90} INFO - Running: ['airflow', 'tasks', 'run', 'pipeline_credito', 'gold', 'manual__2025-11-27T14:15:48.851547+00:00', '--job-id', '8', '--raw', '--subdir', 'DAGS_FOLDER/pipeline_credito.py', '--cfg-path', '/var/folders/kp/1ymfmp052tn9dklz5wm2ff200000gn/T/tmptcbrowy0']
[2025-11-27T11:16:41.392-0300] {standard_task_runner.py:91} INFO - Job 8: Subtask gold
[2025-11-27T11:16:41.412-0300] {task_command.py:426} INFO - Running <TaskInstance: pipeline_credito.gold manual__2025-11-27T14:15:48.851547+00:00 [running]> on host 192.168.0.3
[2025-11-27T11:16:41.443-0300] {taskinstance.py:2648} INFO - Exporting env vars: AIRFLOW_CTX_DAG_OWNER='airflow' AIRFLOW_CTX_DAG_ID='pipeline_credito' AIRFLOW_CTX_TASK_ID='gold' AIRFLOW_CTX_EXECUTION_DATE='2025-11-27T14:15:48.851547+00:00' AIRFLOW_CTX_TRY_NUMBER='1' AIRFLOW_CTX_DAG_RUN_ID='manual__2025-11-27T14:15:48.851547+00:00'
[2025-11-27T11:16:41.444-0300] {taskinstance.py:430} INFO - ::endgroup::
[2025-11-27T11:16:41.445-0300] {subprocess.py:63} INFO - Tmp dir root location: /var/folders/kp/1ymfmp052tn9dklz5wm2ff200000gn/T
[2025-11-27T11:16:41.445-0300] {subprocess.py:75} INFO - Running command: ['/bin/bash', '-c', 'cd /Users/davispecia/Documents/GitHub/Pf_pipeline_dados/Projeto_final_fase3 && source /Users/davispecia/Documents/GitHub/Pf_pipeline_dados/Projeto_final_fase3/venv/bin/activate && export JAVA_HOME=$( /usr/libexec/java_home -v 17 ) && export PATH="$JAVA_HOME/bin:$PATH" && export PGHOST=localhost PGPORT=5433 PGDATABASE=pipeline PGUSER=postgres PGPASSWORD=postgres && cd /Users/davispecia/Documents/GitHub/Pf_pipeline_dados/Projeto_final_fase3 && python scripts/03_gold_layer.py']
[2025-11-27T11:16:41.460-0300] {subprocess.py:86} INFO - Output:
[2025-11-27T11:16:41.832-0300] {subprocess.py:93} INFO - WARNING: Using incubator modules: jdk.incubator.vector
[2025-11-27T11:16:42.373-0300] {subprocess.py:93} INFO - Using Spark's default log4j profile: org/apache/spark/log4j2-defaults.properties
[2025-11-27T11:16:42.374-0300] {subprocess.py:93} INFO - Setting default log level to "WARN".
[2025-11-27T11:16:42.374-0300] {subprocess.py:93} INFO - To adjust logging level use sc.setLogLevel(newLevel). For SparkR, use setLogLevel(newLevel).
[2025-11-27T11:16:42.751-0300] {subprocess.py:93} INFO - 25/11/27 11:16:42 WARN NativeCodeLoader: Unable to load native-hadoop library for your platform... using builtin-java classes where applicable
[2025-11-27T11:16:47.989-0300] {subprocess.py:93} INFO - Silver carregado (10476 registros).
[2025-11-27T11:16:47.994-0300] {subprocess.py:93} INFO - +------------+-----+
[2025-11-27T11:16:47.994-0300] {subprocess.py:93} INFO - |FAIXA_ETARIA|count|
[2025-11-27T11:16:47.994-0300] {subprocess.py:93} INFO - +------------+-----+
[2025-11-27T11:16:47.995-0300] {subprocess.py:93} INFO - |      Até 20|  558|
[2025-11-27T11:16:47.995-0300] {subprocess.py:93} INFO - |     21 a 30| 2994|
[2025-11-27T11:16:47.996-0300] {subprocess.py:93} INFO - |Maior que 55| 1692|
[2025-11-27T11:16:47.996-0300] {subprocess.py:93} INFO - |     46 a 55| 2664|
[2025-11-27T11:16:47.996-0300] {subprocess.py:93} INFO - |     31 a 45| 2568|
[2025-11-27T11:16:47.996-0300] {subprocess.py:93} INFO - +------------+-----+
[2025-11-27T11:16:47.997-0300] {subprocess.py:93} INFO - 
[2025-11-27T11:16:47.997-0300] {subprocess.py:93} INFO - +----------+-----+
[2025-11-27T11:16:47.997-0300] {subprocess.py:93} INFO - |TEM_FILHOS|count|
[2025-11-27T11:16:47.997-0300] {subprocess.py:93} INFO - +----------+-----+
[2025-11-27T11:16:47.997-0300] {subprocess.py:93} INFO - |       Não| 3329|
[2025-11-27T11:16:47.998-0300] {subprocess.py:93} INFO - |       Sim| 7147|
[2025-11-27T11:16:47.998-0300] {subprocess.py:93} INFO - +----------+-----+
[2025-11-27T11:16:47.998-0300] {subprocess.py:93} INFO - 
[2025-11-27T11:16:47.998-0300] {subprocess.py:93} INFO - +-------+-----------------+
[2025-11-27T11:16:47.998-0300] {subprocess.py:93} INFO - |summary|      RENDA_TOTAL|
[2025-11-27T11:16:47.999-0300] {subprocess.py:93} INFO - +-------+-----------------+
[2025-11-27T11:16:47.999-0300] {subprocess.py:93} INFO - |  count|            10476|
[2025-11-27T11:16:47.999-0300] {subprocess.py:93} INFO - |   mean|8927.768232149676|
[2025-11-27T11:16:47.999-0300] {subprocess.py:93} INFO - | stddev|6242.971817125971|
[2025-11-27T11:16:47.999-0300] {subprocess.py:93} INFO - |    min|           1800.0|
[2025-11-27T11:16:48.000-0300] {subprocess.py:93} INFO - |    25%|           3900.0|
[2025-11-27T11:16:48.000-0300] {subprocess.py:93} INFO - |    50%|           8500.0|
[2025-11-27T11:16:48.000-0300] {subprocess.py:93} INFO - |    75%|          11500.0|
[2025-11-27T11:16:48.000-0300] {subprocess.py:93} INFO - |    max|          24400.0|
[2025-11-27T11:16:48.001-0300] {subprocess.py:93} INFO - +-------+-----------------+
[2025-11-27T11:16:48.001-0300] {subprocess.py:93} INFO - 
[2025-11-27T11:16:48.002-0300] {subprocess.py:93} INFO - +-----------------+-----+
[2025-11-27T11:16:48.002-0300] {subprocess.py:93} INFO - |RENDA_TOTAL_FAIXA|count|
[2025-11-27T11:16:48.002-0300] {subprocess.py:93} INFO - +-----------------+-----+
[2025-11-27T11:16:48.003-0300] {subprocess.py:93} INFO - |           1800.0|  846|
[2025-11-27T11:16:48.003-0300] {subprocess.py:93} INFO - |           2200.0|  792|
[2025-11-27T11:16:48.003-0300] {subprocess.py:93} INFO - |           3100.0|  792|
[2025-11-27T11:16:48.003-0300] {subprocess.py:93} INFO - |           3900.0|  792|
[2025-11-27T11:16:48.004-0300] {subprocess.py:93} INFO - |           4500.0|  468|
[2025-11-27T11:16:48.004-0300] {subprocess.py:93} INFO - |           4800.0|  792|
[2025-11-27T11:16:48.004-0300] {subprocess.py:93} INFO - |           6100.0|  524|
[2025-11-27T11:16:48.005-0300] {subprocess.py:93} INFO - |           8500.0|  522|
[2025-11-27T11:16:48.005-0300] {subprocess.py:93} INFO - |           9000.0|  522|
[2025-11-27T11:16:48.005-0300] {subprocess.py:93} INFO - |           9100.0|    1|
[2025-11-27T11:16:48.005-0300] {subprocess.py:93} INFO - +-----------------+-----+
[2025-11-27T11:16:48.005-0300] {subprocess.py:93} INFO - only showing top 10 rows
[2025-11-27T11:16:48.006-0300] {subprocess.py:93} INFO - +---------------+-----+
[2025-11-27T11:16:48.006-0300] {subprocess.py:93} INFO - |CATEGORIA_RENDA|count|
[2025-11-27T11:16:48.006-0300] {subprocess.py:93} INFO - +---------------+-----+
[2025-11-27T11:16:48.006-0300] {subprocess.py:93} INFO - |           Alta|  468|
[2025-11-27T11:16:48.006-0300] {subprocess.py:93} INFO - |    Média-Baixa| 2844|
[2025-11-27T11:16:48.006-0300] {subprocess.py:93} INFO - |          Média| 2648|
[2025-11-27T11:16:48.006-0300] {subprocess.py:93} INFO - |          Baixa| 1638|
[2025-11-27T11:16:48.007-0300] {subprocess.py:93} INFO - |     Média-Alta| 2878|
[2025-11-27T11:16:48.007-0300] {subprocess.py:93} INFO - +---------------+-----+
[2025-11-27T11:16:48.007-0300] {subprocess.py:93} INFO - 
[2025-11-27T11:16:48.007-0300] {subprocess.py:93} INFO - Colunas booleanas convertidas para indicadores numéricos.
[2025-11-27T11:16:48.007-0300] {subprocess.py:93} INFO - Dados gerais salvos: data/gold/dados_gold.csv (shape=(10476, 24))
[2025-11-27T11:16:48.007-0300] {subprocess.py:93} INFO - +---+--------------+-----------------+------------------+------------------+------------------+---------------------+
[2025-11-27T11:16:48.008-0300] {subprocess.py:93} INFO - |UF |total_clientes|renda_media      |score_medio       |media_imoveis     |media_carros      |percentual_com_filhos|
[2025-11-27T11:16:48.008-0300] {subprocess.py:93} INFO - +---+--------------+-----------------+------------------+------------------+------------------+---------------------+
[2025-11-27T11:16:48.008-0300] {subprocess.py:93} INFO - |MG |1620          |8610.0           |48.955555555555556|0.7               |0.9555555555555556|78.88888888888889    |
[2025-11-27T11:16:48.008-0300] {subprocess.py:93} INFO - |PR |1890          |8905.714285714286|50.59047619047619 |0.9142857142857143|1.0               |60.0                 |
[2025-11-27T11:16:48.008-0300] {subprocess.py:93} INFO - |RJ |2916          |9789.883401920439|52.82098765432099 |0.9074074074074074|0.9444444444444444|70.37037037037037    |
[2025-11-27T11:16:48.008-0300] {subprocess.py:93} INFO - |SC |1620          |8897.777777777777|47.7              |0.9               |0.9555555555555556|68.88888888888889    |
[2025-11-27T11:16:48.008-0300] {subprocess.py:93} INFO - |SP |2430          |8142.222222222223|51.592592592592595|0.7851851851851852|0.8518518518518519|64.48559670781893    |
[2025-11-27T11:16:48.009-0300] {subprocess.py:93} INFO - +---+--------------+-----------------+------------------+------------------+------------------+---------------------+
[2025-11-27T11:16:48.009-0300] {subprocess.py:93} INFO - 
[2025-11-27T11:16:48.009-0300] {subprocess.py:93} INFO - +--------------+---+-----+---------------------+------------+---------+------------+----------+----------+-----------+-----------------+--------------------------+----------------------+--------------+---------+-------------------+-----+-----------------------+------------------+-----------+-----------------------+------------+----------+---------------+
[2025-11-27T11:16:48.009-0300] {subprocess.py:93} INFO - |CODIGO_CLIENTE|UF |IDADE|ESCOLARIDADE         |ESTADO_CIVIL|QT_FILHOS|CASA_PROPRIA|QT_IMOVEIS|VL_IMOVEIS|OUTRA_RENDA|OUTRA_RENDA_VALOR|TEMPO_ULTIMO_EMPREGO_MESES|TRABALHANDO_ATUALMENTE|ULTIMO_SALARIO|QT_CARROS|VALOR_TABELA_CARROS|SCORE|DATA_UPLOAD            |ARQUIVO_FONTE     |RENDA_TOTAL|DATA_TRATAMENTO        |FAIXA_ETARIA|TEM_FILHOS|CATEGORIA_RENDA|
[2025-11-27T11:16:48.009-0300] {subprocess.py:93} INFO - +--------------+---+-----+---------------------+------------+---------+------------+----------+----------+-----------+-----------------+--------------------------+----------------------+--------------+---------+-------------------+-----+-----------------------+------------------+-----------+-----------------------+------------+----------+---------------+
[2025-11-27T11:16:48.009-0300] {subprocess.py:93} INFO - |251           |SC |53   |SUPERIOR CURSANDO    |CASADO      |2        |0           |0         |0.0       |false      |0.0              |9                         |0                     |4800.0        |1        |50000.0            |18   |2025-11-27 14:16:09.704|DADOS_CREDITO.XLSX|4800.0     |2025-11-27 14:16:29.747|46 a 55     |1         |Média-Baixa    |
[2025-11-27T11:16:48.009-0300] {subprocess.py:93} INFO - |411           |MG |23   |SUPERIOR CURSANDO    |CASADO      |2        |0           |1         |280000.0  |false      |0.0              |12                        |1                     |9000.0        |0        |0.0                |78   |2025-11-27 14:16:09.704|DADOS_CREDITO.XLSX|9000.0     |2025-11-27 14:16:29.747|21 a 30     |1         |Média          |
[2025-11-27T11:16:48.010-0300] {subprocess.py:93} INFO - |753           |SP |19   |SUPERIOR CURSANDO    |SOLTEIRO    |0        |1           |2         |600000.0  |false      |0.0              |15                        |1                     |15000.0       |1        |70000.0            |67   |2025-11-27 14:16:09.704|DADOS_CREDITO.XLSX|15000.0    |2025-11-27 14:16:29.747|Até 20      |0         |Média-Alta     |
[2025-11-27T11:16:48.010-0300] {subprocess.py:93} INFO - |861           |SP |42   |SEGUNDO GRAU COMPLETO|CASADO      |0        |0           |0         |0.0       |false      |0.0              |48                        |1                     |4500.0        |2        |28000.0            |56   |2025-11-27 14:16:09.704|DADOS_CREDITO.XLSX|4500.0     |2025-11-27 14:16:29.747|31 a 45     |0         |Média-Baixa    |
[2025-11-27T11:16:48.010-0300] {subprocess.py:93} INFO - |1278          |MG |51   |SEGUNDO GRAU COMPLETO|DIVORCIADO  |1        |1           |0         |0.0       |false      |0.0              |80                        |0                     |6100.0        |2        |48000.0            |72   |2025-11-27 14:16:09.704|DADOS_CREDITO.XLSX|6100.0     |2025-11-27 14:16:29.747|46 a 55     |1         |Média          |
[2025-11-27T11:16:48.010-0300] {subprocess.py:93} INFO - +--------------+---+-----+---------------------+------------+---------+------------+----------+----------+-----------+-----------------+--------------------------+----------------------+--------------+---------+-------------------+-----+-----------------------+------------------+-----------+-----------------------+------------+----------+---------------+
[2025-11-27T11:16:48.010-0300] {subprocess.py:93} INFO - only showing top 5 rows
[2025-11-27T11:16:48.010-0300] {subprocess.py:93} INFO - Agregações criadas e salvas na camada Gold
[2025-11-27T11:16:48.525-0300] {subprocess.py:97} INFO - Command exited with return code 0
[2025-11-27T11:16:48.526-0300] {taskinstance.py:441} INFO - ::group::Post task execution logs
[2025-11-27T11:16:48.544-0300] {taskinstance.py:1206} INFO - Marking task as SUCCESS. dag_id=pipeline_credito, task_id=gold, run_id=manual__2025-11-27T14:15:48.851547+00:00, execution_date=20251127T141548, start_date=20251127T141641, end_date=20251127T141648
[2025-11-27T11:16:48.554-0300] {local_task_job_runner.py:243} INFO - Task exited with return code 0
[2025-11-27T11:16:48.565-0300] {taskinstance.py:3503} INFO - 1 downstream tasks scheduled from follow-on schedule check
[2025-11-27T11:16:48.566-0300] {local_task_job_runner.py:222} INFO - ::endgroup::
