[2025-11-27T11:16:01.282-0300] {local_task_job_runner.py:120} INFO - ::group::Pre task execution logs
[2025-11-27T11:16:01.294-0300] {taskinstance.py:2076} INFO - Dependencies all met for dep_context=non-requeueable deps ti=<TaskInstance: pipeline_credito.bronze manual__2025-11-27T14:15:48.851547+00:00 [queued]>
[2025-11-27T11:16:01.297-0300] {taskinstance.py:2076} INFO - Dependencies all met for dep_context=requeueable deps ti=<TaskInstance: pipeline_credito.bronze manual__2025-11-27T14:15:48.851547+00:00 [queued]>
[2025-11-27T11:16:01.297-0300] {taskinstance.py:2306} INFO - Starting attempt 1 of 1
[2025-11-27T11:16:01.303-0300] {taskinstance.py:2330} INFO - Executing <Task(BashOperator): bronze> on 2025-11-27 14:15:48.851547+00:00
[2025-11-27T11:16:01.311-0300] {standard_task_runner.py:64} INFO - Started process 90418 to run task
[2025-11-27T11:16:01.314-0300] {standard_task_runner.py:90} INFO - Running: ['airflow', 'tasks', 'run', 'pipeline_credito', 'bronze', 'manual__2025-11-27T14:15:48.851547+00:00', '--job-id', '4', '--raw', '--subdir', 'DAGS_FOLDER/pipeline_credito.py', '--cfg-path', '/var/folders/kp/1ymfmp052tn9dklz5wm2ff200000gn/T/tmp2si0fr6j']
[2025-11-27T11:16:01.316-0300] {standard_task_runner.py:91} INFO - Job 4: Subtask bronze
[2025-11-27T11:16:01.336-0300] {task_command.py:426} INFO - Running <TaskInstance: pipeline_credito.bronze manual__2025-11-27T14:15:48.851547+00:00 [running]> on host 192.168.0.3
[2025-11-27T11:16:01.364-0300] {taskinstance.py:2648} INFO - Exporting env vars: AIRFLOW_CTX_DAG_OWNER='airflow' AIRFLOW_CTX_DAG_ID='pipeline_credito' AIRFLOW_CTX_TASK_ID='bronze' AIRFLOW_CTX_EXECUTION_DATE='2025-11-27T14:15:48.851547+00:00' AIRFLOW_CTX_TRY_NUMBER='1' AIRFLOW_CTX_DAG_RUN_ID='manual__2025-11-27T14:15:48.851547+00:00'
[2025-11-27T11:16:01.364-0300] {taskinstance.py:430} INFO - ::endgroup::
[2025-11-27T11:16:01.365-0300] {subprocess.py:63} INFO - Tmp dir root location: /var/folders/kp/1ymfmp052tn9dklz5wm2ff200000gn/T
[2025-11-27T11:16:01.365-0300] {subprocess.py:75} INFO - Running command: ['/bin/bash', '-c', 'cd /Users/davispecia/Documents/GitHub/Pf_pipeline_dados/Projeto_final_fase3 && source /Users/davispecia/Documents/GitHub/Pf_pipeline_dados/Projeto_final_fase3/venv/bin/activate && export JAVA_HOME=$( /usr/libexec/java_home -v 17 ) && export PATH="$JAVA_HOME/bin:$PATH" && export PGHOST=localhost PGPORT=5433 PGDATABASE=pipeline PGUSER=postgres PGPASSWORD=postgres && cd /Users/davispecia/Documents/GitHub/Pf_pipeline_dados/Projeto_final_fase3 && python scripts/01_bronze_layer.py']
[2025-11-27T11:16:01.374-0300] {subprocess.py:86} INFO - Output:
[2025-11-27T11:16:01.886-0300] {subprocess.py:93} INFO - WARNING: Using incubator modules: jdk.incubator.vector
[2025-11-27T11:16:02.464-0300] {subprocess.py:93} INFO - Using Spark's default log4j profile: org/apache/spark/log4j2-defaults.properties
[2025-11-27T11:16:02.465-0300] {subprocess.py:93} INFO - Setting default log level to "WARN".
[2025-11-27T11:16:02.465-0300] {subprocess.py:93} INFO - To adjust logging level use sc.setLogLevel(newLevel). For SparkR, use setLogLevel(newLevel).
[2025-11-27T11:16:02.819-0300] {subprocess.py:93} INFO - 25/11/27 11:16:02 WARN NativeCodeLoader: Unable to load native-hadoop library for your platform... using builtin-java classes where applicable
[2025-11-27T11:16:08.392-0300] {subprocess.py:93} INFO - [Stage 0:>                                                          (0 + 8) / 8]                                                                                25/11/27 11:16:08 WARN SparkStringUtils: Truncated the string representation of a plan since it was too large. This behavior can be adjusted by setting 'spark.sql.debug.maxToStringFields'.
[2025-11-27T11:16:10.029-0300] {subprocess.py:93} INFO - [Stage 3:>                                                          (0 + 8) / 8]                                                                                Estrutura de diretórios verificada.
[2025-11-27T11:16:10.030-0300] {subprocess.py:93} INFO - Dimensão inicial do dataset: (10476, 17)
[2025-11-27T11:16:10.030-0300] {subprocess.py:93} INFO - root
[2025-11-27T11:16:10.030-0300] {subprocess.py:93} INFO -  |-- CODIGO_CLIENTE: long (nullable = true)
[2025-11-27T11:16:10.030-0300] {subprocess.py:93} INFO -  |-- UF: string (nullable = true)
[2025-11-27T11:16:10.030-0300] {subprocess.py:93} INFO -  |-- IDADE: integer (nullable = true)
[2025-11-27T11:16:10.031-0300] {subprocess.py:93} INFO -  |-- ESCOLARIDADE: string (nullable = true)
[2025-11-27T11:16:10.031-0300] {subprocess.py:93} INFO -  |-- ESTADO_CIVIL: string (nullable = true)
[2025-11-27T11:16:10.031-0300] {subprocess.py:93} INFO -  |-- QT_FILHOS: integer (nullable = true)
[2025-11-27T11:16:10.031-0300] {subprocess.py:93} INFO -  |-- CASA_PROPRIA: string (nullable = true)
[2025-11-27T11:16:10.031-0300] {subprocess.py:93} INFO -  |-- QT_IMOVEIS: integer (nullable = true)
[2025-11-27T11:16:10.031-0300] {subprocess.py:93} INFO -  |-- VL_IMOVEIS: double (nullable = true)
[2025-11-27T11:16:10.031-0300] {subprocess.py:93} INFO -  |-- OUTRA_RENDA: string (nullable = true)
[2025-11-27T11:16:10.032-0300] {subprocess.py:93} INFO -  |-- OUTRA_RENDA_VALOR: double (nullable = true)
[2025-11-27T11:16:10.032-0300] {subprocess.py:93} INFO -  |-- TEMPO_ULTIMO_EMPREGO_MESES: integer (nullable = true)
[2025-11-27T11:16:10.032-0300] {subprocess.py:93} INFO -  |-- TRABALHANDO_ATUALMENTE: string (nullable = true)
[2025-11-27T11:16:10.032-0300] {subprocess.py:93} INFO -  |-- ULTIMO_SALARIO: double (nullable = true)
[2025-11-27T11:16:10.032-0300] {subprocess.py:93} INFO -  |-- QT_CARROS: integer (nullable = true)
[2025-11-27T11:16:10.032-0300] {subprocess.py:93} INFO -  |-- VALOR_TABELA_CARROS: double (nullable = true)
[2025-11-27T11:16:10.032-0300] {subprocess.py:93} INFO -  |-- SCORE: double (nullable = true)
[2025-11-27T11:16:10.033-0300] {subprocess.py:93} INFO - 
[2025-11-27T11:16:10.033-0300] {subprocess.py:93} INFO - +-------+------------------+-----+------------------+---------------------+------------+-----------------+------------+------------------+------------------+-----------+------------------+--------------------------+----------------------+-----------------+------------------+-------------------+-----------------+
[2025-11-27T11:16:10.033-0300] {subprocess.py:93} INFO - |summary|CODIGO_CLIENTE    |UF   |IDADE             |ESCOLARIDADE         |ESTADO_CIVIL|QT_FILHOS        |CASA_PROPRIA|QT_IMOVEIS        |VL_IMOVEIS        |OUTRA_RENDA|OUTRA_RENDA_VALOR |TEMPO_ULTIMO_EMPREGO_MESES|TRABALHANDO_ATUALMENTE|ULTIMO_SALARIO   |QT_CARROS         |VALOR_TABELA_CARROS|SCORE            |
[2025-11-27T11:16:10.033-0300] {subprocess.py:93} INFO - +-------+------------------+-----+------------------+---------------------+------------+-----------------+------------+------------------+------------------+-----------+------------------+--------------------------+----------------------+-----------------+------------------+-------------------+-----------------+
[2025-11-27T11:16:10.033-0300] {subprocess.py:93} INFO - |count  |10476             |10476|10476             |10476                |10476       |10476            |10476       |10476             |10476             |10476      |10476             |10476                     |10476                 |10473            |10476             |10476              |10476            |
[2025-11-27T11:16:10.033-0300] {subprocess.py:93} INFO - |mean   |5238.5            |NULL |41.0541237113402  |NULL                 |NULL        |1.122565864833906|NULL        |0.8470790378006873|238453.60824742267|NULL       |641.2371134020618 |43.07044673539519         |NULL                  |8287.157452496896|0.936426116838488 |40996.56357388316  |51.05870561282936|
[2025-11-27T11:16:10.033-0300] {subprocess.py:93} INFO - |stddev |3024.3050441382397|NULL |13.878161659968052|NULL                 |NULL        |1.113536816402942|NULL        |0.9573741244581574|265843.9344159243 |NULL       |1295.9781947770182|40.85152113480156         |NULL                  |5827.306760020293|0.8066347662898837|47404.21406228438  |27.30634027461641|
[2025-11-27T11:16:10.034-0300] {subprocess.py:93} INFO - |min    |1                 |MG   |19                |Segundo Grau Completo|Casado      |0                |Não         |0                 |0.0               |Não        |0.0               |8                         |Não                   |1800.0           |0                 |0.0                |12.0             |
[2025-11-27T11:16:10.034-0300] {subprocess.py:93} INFO - |max    |10476             |SP   |65                |Superior Cursando    |Viuvo       |42               |Sim         |3                 |900000.0          |Sim        |4000.0            |150                       |Sim                   |22000.0          |2                 |180000.0           |98.0             |
[2025-11-27T11:16:10.034-0300] {subprocess.py:93} INFO - +-------+------------------+-----+------------------+---------------------+------------+-----------------+------------+------------------+------------------+-----------+------------------+--------------------------+----------------------+-----------------+------------------+-------------------+-----------------+
[2025-11-27T11:16:10.034-0300] {subprocess.py:93} INFO - 
[2025-11-27T11:16:10.034-0300] {subprocess.py:93} INFO - +--------------+---+-----+------------+------------+---------+------------+----------+----------+-----------+-----------------+--------------------------+----------------------+--------------+---------+-------------------+-----+
[2025-11-27T11:16:10.034-0300] {subprocess.py:93} INFO - |CODIGO_CLIENTE|UF |IDADE|ESCOLARIDADE|ESTADO_CIVIL|QT_FILHOS|CASA_PROPRIA|QT_IMOVEIS|VL_IMOVEIS|OUTRA_RENDA|OUTRA_RENDA_VALOR|TEMPO_ULTIMO_EMPREGO_MESES|TRABALHANDO_ATUALMENTE|ULTIMO_SALARIO|QT_CARROS|VALOR_TABELA_CARROS|SCORE|
[2025-11-27T11:16:10.035-0300] {subprocess.py:93} INFO - +--------------+---+-----+------------+------------+---------+------------+----------+----------+-----------+-----------------+--------------------------+----------------------+--------------+---------+-------------------+-----+
[2025-11-27T11:16:10.035-0300] {subprocess.py:93} INFO - |0             |0  |0    |0           |0           |0        |0           |0         |0         |0          |0                |0                         |0                     |3             |0        |0                  |0    |
[2025-11-27T11:16:10.035-0300] {subprocess.py:93} INFO - +--------------+---+-----+------------+------------+---------+------------+----------+----------+-----------+-----------------+--------------------------+----------------------+--------------+---------+-------------------+-----+
[2025-11-27T11:16:10.035-0300] {subprocess.py:93} INFO - 
[2025-11-27T11:16:10.035-0300] {subprocess.py:93} INFO - >>> Bronze salvo em: data/bronze/dados_brutos.csv
[2025-11-27T11:16:10.035-0300] {subprocess.py:93} INFO - +--------------+---+-----+---------------------+------------+---------+------------+----------+----------+-----------+-----------------+--------------------------+----------------------+--------------+---------+-------------------+----------------+--------------------------+------------------+
[2025-11-27T11:16:10.035-0300] {subprocess.py:93} INFO - |CODIGO_CLIENTE|UF |IDADE|ESCOLARIDADE         |ESTADO_CIVIL|QT_FILHOS|CASA_PROPRIA|QT_IMOVEIS|VL_IMOVEIS|OUTRA_RENDA|OUTRA_RENDA_VALOR|TEMPO_ULTIMO_EMPREGO_MESES|TRABALHANDO_ATUALMENTE|ULTIMO_SALARIO|QT_CARROS|VALOR_TABELA_CARROS|SCORE           |DATA_UPLOAD               |ARQUIVO_FONTE     |
[2025-11-27T11:16:10.036-0300] {subprocess.py:93} INFO - +--------------+---+-----+---------------------+------------+---------+------------+----------+----------+-----------+-----------------+--------------------------+----------------------+--------------+---------+-------------------+----------------+--------------------------+------------------+
[2025-11-27T11:16:10.036-0300] {subprocess.py:93} INFO - |1             |SP |19   |Superior Cursando    |Solteiro    |0        |Não         |0         |0.0       |Não        |0.0              |8                         |Sim                   |1800.0        |0        |0.0                |12.0            |2025-11-27 14:16:09.997333|dados_credito.xlsx|
[2025-11-27T11:16:10.036-0300] {subprocess.py:93} INFO - |2             |MG |23   |Superior Completo    |Solteiro    |1        |Não         |0         |0.0       |Não        |0.0              |9                         |Não                   |4800.0        |1        |50000.0            |18.0            |2025-11-27 14:16:09.997333|dados_credito.xlsx|
[2025-11-27T11:16:10.036-0300] {subprocess.py:93} INFO - |3             |SC |25   |Segundo Grau Completo|Casado      |0        |Sim         |1         |220000.0  |Não        |0.0              |18                        |Sim                   |2200.0        |2        |30000.0            |23.0            |2025-11-27 14:16:09.997333|dados_credito.xlsx|
[2025-11-27T11:16:10.036-0300] {subprocess.py:93} INFO - |4             |PR |27   |Superior Cursando    |Casado      |1        |Sim         |0         |0.0       |Não        |0.0              |22                        |Não                   |3900.0        |0        |0.0                |28.6666666666667|2025-11-27 14:16:09.997333|dados_credito.xlsx|
[2025-11-27T11:16:10.036-0300] {subprocess.py:93} INFO - |5             |RJ |28   |Superior Completo    |Divorciado  |2        |Não         |1         |370000.0  |Não        |0.0              |30                        |Sim                   |NULL          |1        |35000.0            |34.1666666666667|2025-11-27 14:16:09.997333|dados_credito.xlsx|
[2025-11-27T11:16:10.036-0300] {subprocess.py:93} INFO - +--------------+---+-----+---------------------+------------+---------+------------+----------+----------+-----------+-----------------+--------------------------+----------------------+--------------+---------+-------------------+----------------+--------------------------+------------------+
[2025-11-27T11:16:10.037-0300] {subprocess.py:93} INFO - only showing top 5 rows
[2025-11-27T11:16:10.670-0300] {subprocess.py:97} INFO - Command exited with return code 0
[2025-11-27T11:16:10.673-0300] {taskinstance.py:441} INFO - ::group::Post task execution logs
[2025-11-27T11:16:10.695-0300] {taskinstance.py:1206} INFO - Marking task as SUCCESS. dag_id=pipeline_credito, task_id=bronze, run_id=manual__2025-11-27T14:15:48.851547+00:00, execution_date=20251127T141548, start_date=20251127T141601, end_date=20251127T141610
[2025-11-27T11:16:10.711-0300] {local_task_job_runner.py:243} INFO - Task exited with return code 0
[2025-11-27T11:16:10.729-0300] {taskinstance.py:3503} INFO - 1 downstream tasks scheduled from follow-on schedule check
[2025-11-27T11:16:10.730-0300] {local_task_job_runner.py:222} INFO - ::endgroup::
