[2025-11-27T11:16:12.527-0300] {local_task_job_runner.py:120} INFO - ::group::Pre task execution logs
[2025-11-27T11:16:12.542-0300] {taskinstance.py:2076} INFO - Dependencies all met for dep_context=non-requeueable deps ti=<TaskInstance: pipeline_credito.gold scheduled__2025-11-26T00:00:00+00:00 [queued]>
[2025-11-27T11:16:12.545-0300] {taskinstance.py:2076} INFO - Dependencies all met for dep_context=requeueable deps ti=<TaskInstance: pipeline_credito.gold scheduled__2025-11-26T00:00:00+00:00 [queued]>
[2025-11-27T11:16:12.545-0300] {taskinstance.py:2306} INFO - Starting attempt 1 of 1
[2025-11-27T11:16:12.552-0300] {taskinstance.py:2330} INFO - Executing <Task(BashOperator): gold> on 2025-11-26 00:00:00+00:00
[2025-11-27T11:16:12.560-0300] {standard_task_runner.py:64} INFO - Started process 90528 to run task
[2025-11-27T11:16:12.564-0300] {standard_task_runner.py:90} INFO - Running: ['airflow', 'tasks', 'run', 'pipeline_credito', 'gold', 'scheduled__2025-11-26T00:00:00+00:00', '--job-id', '5', '--raw', '--subdir', 'DAGS_FOLDER/pipeline_credito.py', '--cfg-path', '/var/folders/kp/1ymfmp052tn9dklz5wm2ff200000gn/T/tmpr8ehrd7m']
[2025-11-27T11:16:12.567-0300] {standard_task_runner.py:91} INFO - Job 5: Subtask gold
[2025-11-27T11:16:12.591-0300] {task_command.py:426} INFO - Running <TaskInstance: pipeline_credito.gold scheduled__2025-11-26T00:00:00+00:00 [running]> on host 192.168.0.3
[2025-11-27T11:16:12.625-0300] {taskinstance.py:2648} INFO - Exporting env vars: AIRFLOW_CTX_DAG_OWNER='airflow' AIRFLOW_CTX_DAG_ID='pipeline_credito' AIRFLOW_CTX_TASK_ID='gold' AIRFLOW_CTX_EXECUTION_DATE='2025-11-26T00:00:00+00:00' AIRFLOW_CTX_TRY_NUMBER='1' AIRFLOW_CTX_DAG_RUN_ID='scheduled__2025-11-26T00:00:00+00:00'
[2025-11-27T11:16:12.626-0300] {taskinstance.py:430} INFO - ::endgroup::
[2025-11-27T11:16:12.626-0300] {subprocess.py:63} INFO - Tmp dir root location: /var/folders/kp/1ymfmp052tn9dklz5wm2ff200000gn/T
[2025-11-27T11:16:12.627-0300] {subprocess.py:75} INFO - Running command: ['/bin/bash', '-c', 'cd /Users/davispecia/Documents/GitHub/Pf_pipeline_dados/Projeto_final_fase3 && source /Users/davispecia/Documents/GitHub/Pf_pipeline_dados/Projeto_final_fase3/venv/bin/activate && export JAVA_HOME=$( /usr/libexec/java_home -v 17 ) && export PATH="$JAVA_HOME/bin:$PATH" && export PGHOST=localhost PGPORT=5433 PGDATABASE=pipeline PGUSER=postgres PGPASSWORD=postgres && cd /Users/davispecia/Documents/GitHub/Pf_pipeline_dados/Projeto_final_fase3 && python scripts/03_gold_layer.py']
[2025-11-27T11:16:12.636-0300] {subprocess.py:86} INFO - Output:
[2025-11-27T11:16:13.181-0300] {subprocess.py:93} INFO - WARNING: Using incubator modules: jdk.incubator.vector
[2025-11-27T11:16:13.841-0300] {subprocess.py:93} INFO - Using Spark's default log4j profile: org/apache/spark/log4j2-defaults.properties
[2025-11-27T11:16:13.842-0300] {subprocess.py:93} INFO - Setting default log level to "WARN".
[2025-11-27T11:16:13.842-0300] {subprocess.py:93} INFO - To adjust logging level use sc.setLogLevel(newLevel). For SparkR, use setLogLevel(newLevel).
[2025-11-27T11:16:14.170-0300] {subprocess.py:93} INFO - 25/11/27 11:16:14 WARN NativeCodeLoader: Unable to load native-hadoop library for your platform... using builtin-java classes where applicable
[2025-11-27T11:16:20.339-0300] {subprocess.py:93} INFO - [Stage 21:>                                                         (0 + 1) / 1]                                                                                Silver carregado (10476 registros).
[2025-11-27T11:16:20.341-0300] {subprocess.py:93} INFO - +------------+-----+
[2025-11-27T11:16:20.342-0300] {subprocess.py:93} INFO - |FAIXA_ETARIA|count|
[2025-11-27T11:16:20.342-0300] {subprocess.py:93} INFO - +------------+-----+
[2025-11-27T11:16:20.342-0300] {subprocess.py:93} INFO - |      Até 20|  558|
[2025-11-27T11:16:20.342-0300] {subprocess.py:93} INFO - |     21 a 30| 2994|
[2025-11-27T11:16:20.342-0300] {subprocess.py:93} INFO - |Maior que 55| 1692|
[2025-11-27T11:16:20.342-0300] {subprocess.py:93} INFO - |     46 a 55| 2664|
[2025-11-27T11:16:20.342-0300] {subprocess.py:93} INFO - |     31 a 45| 2568|
[2025-11-27T11:16:20.343-0300] {subprocess.py:93} INFO - +------------+-----+
[2025-11-27T11:16:20.343-0300] {subprocess.py:93} INFO - 
[2025-11-27T11:16:20.343-0300] {subprocess.py:93} INFO - +----------+-----+
[2025-11-27T11:16:20.343-0300] {subprocess.py:93} INFO - |TEM_FILHOS|count|
[2025-11-27T11:16:20.343-0300] {subprocess.py:93} INFO - +----------+-----+
[2025-11-27T11:16:20.343-0300] {subprocess.py:93} INFO - |       Não| 3329|
[2025-11-27T11:16:20.344-0300] {subprocess.py:93} INFO - |       Sim| 7147|
[2025-11-27T11:16:20.344-0300] {subprocess.py:93} INFO - +----------+-----+
[2025-11-27T11:16:20.344-0300] {subprocess.py:93} INFO - 
[2025-11-27T11:16:20.344-0300] {subprocess.py:93} INFO - +-------+-----------------+
[2025-11-27T11:16:20.344-0300] {subprocess.py:93} INFO - |summary|      RENDA_TOTAL|
[2025-11-27T11:16:20.344-0300] {subprocess.py:93} INFO - +-------+-----------------+
[2025-11-27T11:16:20.344-0300] {subprocess.py:93} INFO - |  count|            10476|
[2025-11-27T11:16:20.345-0300] {subprocess.py:93} INFO - |   mean|8927.768232149676|
[2025-11-27T11:16:20.345-0300] {subprocess.py:93} INFO - | stddev|6242.971817125933|
[2025-11-27T11:16:20.345-0300] {subprocess.py:93} INFO - |    min|           1800.0|
[2025-11-27T11:16:20.345-0300] {subprocess.py:93} INFO - |    25%|           3900.0|
[2025-11-27T11:16:20.345-0300] {subprocess.py:93} INFO - |    50%|           8500.0|
[2025-11-27T11:16:20.345-0300] {subprocess.py:93} INFO - |    75%|          11500.0|
[2025-11-27T11:16:20.345-0300] {subprocess.py:93} INFO - |    max|          24400.0|
[2025-11-27T11:16:20.346-0300] {subprocess.py:93} INFO - +-------+-----------------+
[2025-11-27T11:16:20.346-0300] {subprocess.py:93} INFO - 
[2025-11-27T11:16:20.346-0300] {subprocess.py:93} INFO - +-----------------+-----+
[2025-11-27T11:16:20.346-0300] {subprocess.py:93} INFO - |RENDA_TOTAL_FAIXA|count|
[2025-11-27T11:16:20.346-0300] {subprocess.py:93} INFO - +-----------------+-----+
[2025-11-27T11:16:20.346-0300] {subprocess.py:93} INFO - |           1800.0|  846|
[2025-11-27T11:16:20.346-0300] {subprocess.py:93} INFO - |           2200.0|  792|
[2025-11-27T11:16:20.347-0300] {subprocess.py:93} INFO - |           3100.0|  792|
[2025-11-27T11:16:20.347-0300] {subprocess.py:93} INFO - |           3900.0|  792|
[2025-11-27T11:16:20.347-0300] {subprocess.py:93} INFO - |           4500.0|  468|
[2025-11-27T11:16:20.347-0300] {subprocess.py:93} INFO - |           4800.0|  792|
[2025-11-27T11:16:20.347-0300] {subprocess.py:93} INFO - |           6100.0|  524|
[2025-11-27T11:16:20.347-0300] {subprocess.py:93} INFO - |           8500.0|  522|
[2025-11-27T11:16:20.347-0300] {subprocess.py:93} INFO - |           9000.0|  522|
[2025-11-27T11:16:20.348-0300] {subprocess.py:93} INFO - |           9100.0|    1|
[2025-11-27T11:16:20.348-0300] {subprocess.py:93} INFO - +-----------------+-----+
[2025-11-27T11:16:20.348-0300] {subprocess.py:93} INFO - only showing top 10 rows
[2025-11-27T11:16:20.348-0300] {subprocess.py:93} INFO - +---------------+-----+
[2025-11-27T11:16:20.348-0300] {subprocess.py:93} INFO - |CATEGORIA_RENDA|count|
[2025-11-27T11:16:20.348-0300] {subprocess.py:93} INFO - +---------------+-----+
[2025-11-27T11:16:20.348-0300] {subprocess.py:93} INFO - |           Alta|  468|
[2025-11-27T11:16:20.349-0300] {subprocess.py:93} INFO - |    Média-Baixa| 2844|
[2025-11-27T11:16:20.349-0300] {subprocess.py:93} INFO - |          Média| 2648|
[2025-11-27T11:16:20.349-0300] {subprocess.py:93} INFO - |          Baixa| 1638|
[2025-11-27T11:16:20.349-0300] {subprocess.py:93} INFO - |     Média-Alta| 2878|
[2025-11-27T11:16:20.349-0300] {subprocess.py:93} INFO - +---------------+-----+
[2025-11-27T11:16:20.349-0300] {subprocess.py:93} INFO - 
[2025-11-27T11:16:20.349-0300] {subprocess.py:93} INFO - Colunas booleanas convertidas para indicadores numéricos.
[2025-11-27T11:16:20.350-0300] {subprocess.py:93} INFO - Dados gerais salvos: data/gold/dados_gold.csv (shape=(10476, 24))
[2025-11-27T11:16:20.350-0300] {subprocess.py:93} INFO - +---+--------------+-----------------+------------------+------------------+------------------+---------------------+
[2025-11-27T11:16:20.350-0300] {subprocess.py:93} INFO - |UF |total_clientes|renda_media      |score_medio       |media_imoveis     |media_carros      |percentual_com_filhos|
[2025-11-27T11:16:20.350-0300] {subprocess.py:93} INFO - +---+--------------+-----------------+------------------+------------------+------------------+---------------------+
[2025-11-27T11:16:20.350-0300] {subprocess.py:93} INFO - |MG |1620          |8610.0           |48.955555555555556|0.7               |0.9555555555555556|78.88888888888889    |
[2025-11-27T11:16:20.350-0300] {subprocess.py:93} INFO - |PR |1890          |8905.714285714286|50.59047619047619 |0.9142857142857143|1.0               |60.0                 |
[2025-11-27T11:16:20.350-0300] {subprocess.py:93} INFO - |RJ |2916          |9789.883401920439|52.82098765432099 |0.9074074074074074|0.9444444444444444|70.37037037037037    |
[2025-11-27T11:16:20.351-0300] {subprocess.py:93} INFO - |SC |1620          |8897.777777777777|47.7              |0.9               |0.9555555555555556|68.88888888888889    |
[2025-11-27T11:16:20.351-0300] {subprocess.py:93} INFO - |SP |2430          |8142.222222222223|51.592592592592595|0.7851851851851852|0.8518518518518519|64.48559670781893    |
[2025-11-27T11:16:20.351-0300] {subprocess.py:93} INFO - +---+--------------+-----------------+------------------+------------------+------------------+---------------------+
[2025-11-27T11:16:20.351-0300] {subprocess.py:93} INFO - 
[2025-11-27T11:16:20.351-0300] {subprocess.py:93} INFO - +--------------+---+-----+---------------------+------------+---------+------------+----------+----------+-----------+-----------------+--------------------------+----------------------+--------------+---------+-------------------+-----+-----------------------+------------------+-----------+-----------------------+------------+----------+---------------+
[2025-11-27T11:16:20.351-0300] {subprocess.py:93} INFO - |CODIGO_CLIENTE|UF |IDADE|ESCOLARIDADE         |ESTADO_CIVIL|QT_FILHOS|CASA_PROPRIA|QT_IMOVEIS|VL_IMOVEIS|OUTRA_RENDA|OUTRA_RENDA_VALOR|TEMPO_ULTIMO_EMPREGO_MESES|TRABALHANDO_ATUALMENTE|ULTIMO_SALARIO|QT_CARROS|VALOR_TABELA_CARROS|SCORE|DATA_UPLOAD            |ARQUIVO_FONTE     |RENDA_TOTAL|DATA_TRATAMENTO        |FAIXA_ETARIA|TEM_FILHOS|CATEGORIA_RENDA|
[2025-11-27T11:16:20.351-0300] {subprocess.py:93} INFO - +--------------+---+-----+---------------------+------------+---------+------------+----------+----------+-----------+-----------------+--------------------------+----------------------+--------------+---------+-------------------+-----+-----------------------+------------------+-----------+-----------------------+------------+----------+---------------+
[2025-11-27T11:16:20.352-0300] {subprocess.py:93} INFO - |123           |PR |27   |SUPERIOR CURSANDO    |CASADO      |1        |1           |0         |0.0       |false      |0.0              |22                        |0                     |3900.0        |0        |0.0                |28   |2025-11-27 14:15:46.084|DADOS_CREDITO.XLSX|3900.0     |2025-11-27 14:15:57.088|21 a 30     |1         |Média-Baixa    |
[2025-11-27T11:16:20.352-0300] {subprocess.py:93} INFO - |182           |MG |51   |SEGUNDO GRAU COMPLETO|DIVORCIADO  |1        |0           |1         |370000.0  |false      |0.0              |30                        |1                     |11500.0       |1        |35000.0            |34   |2025-11-27 14:15:46.084|DADOS_CREDITO.XLSX|11500.0    |2025-11-27 14:15:57.088|46 a 55     |1         |Média-Alta     |
[2025-11-27T11:16:20.352-0300] {subprocess.py:93} INFO - |208           |PR |27   |SUPERIOR CURSANDO    |CASADO      |1        |1           |1         |185000.0  |true       |3000.0           |19                        |1                     |6800.0        |0        |0.0                |45   |2025-11-27 14:15:46.084|DADOS_CREDITO.XLSX|9800.0     |2025-11-27 14:15:57.088|21 a 30     |1         |Média          |
[2025-11-27T11:16:20.352-0300] {subprocess.py:93} INFO - |290           |RJ |25   |SUPERIOR CURSANDO    |CASADO      |3        |1           |0         |0.0       |false      |0.0              |80                        |0                     |6100.0        |2        |48000.0            |72   |2025-11-27 14:15:46.084|DADOS_CREDITO.XLSX|6100.0     |2025-11-27 14:15:57.088|21 a 30     |1         |Média          |
[2025-11-27T11:16:20.352-0300] {subprocess.py:93} INFO - |399           |MG |19   |SUPERIOR CURSANDO    |SOLTEIRO    |0        |0           |0         |0.0       |false      |0.0              |8                         |1                     |1800.0        |0        |0.0                |12   |2025-11-27 14:15:46.084|DADOS_CREDITO.XLSX|1800.0     |2025-11-27 14:15:57.088|Até 20      |0         |Baixa          |
[2025-11-27T11:16:20.353-0300] {subprocess.py:93} INFO - +--------------+---+-----+---------------------+------------+---------+------------+----------+----------+-----------+-----------------+--------------------------+----------------------+--------------+---------+-------------------+-----+-----------------------+------------------+-----------+-----------------------+------------+----------+---------------+
[2025-11-27T11:16:20.353-0300] {subprocess.py:93} INFO - only showing top 5 rows
[2025-11-27T11:16:20.353-0300] {subprocess.py:93} INFO - Agregações criadas e salvas na camada Gold
[2025-11-27T11:16:20.871-0300] {subprocess.py:97} INFO - Command exited with return code 0
[2025-11-27T11:16:20.873-0300] {taskinstance.py:441} INFO - ::group::Post task execution logs
[2025-11-27T11:16:20.890-0300] {taskinstance.py:1206} INFO - Marking task as SUCCESS. dag_id=pipeline_credito, task_id=gold, run_id=scheduled__2025-11-26T00:00:00+00:00, execution_date=20251126T000000, start_date=20251127T141612, end_date=20251127T141620
[2025-11-27T11:16:20.906-0300] {local_task_job_runner.py:243} INFO - Task exited with return code 0
[2025-11-27T11:16:20.924-0300] {taskinstance.py:3503} INFO - 1 downstream tasks scheduled from follow-on schedule check
[2025-11-27T11:16:20.924-0300] {local_task_job_runner.py:222} INFO - ::endgroup::
