[2025-11-27T11:16:51.033-0300] {local_task_job_runner.py:120} INFO - ::group::Pre task execution logs
[2025-11-27T11:16:51.045-0300] {taskinstance.py:2076} INFO - Dependencies all met for dep_context=non-requeueable deps ti=<TaskInstance: pipeline_credito.load_db manual__2025-11-27T14:15:48.851547+00:00 [queued]>
[2025-11-27T11:16:51.048-0300] {taskinstance.py:2076} INFO - Dependencies all met for dep_context=requeueable deps ti=<TaskInstance: pipeline_credito.load_db manual__2025-11-27T14:15:48.851547+00:00 [queued]>
[2025-11-27T11:16:51.048-0300] {taskinstance.py:2306} INFO - Starting attempt 1 of 1
[2025-11-27T11:16:51.054-0300] {taskinstance.py:2330} INFO - Executing <Task(BashOperator): load_db> on 2025-11-27 14:15:48.851547+00:00
[2025-11-27T11:16:51.062-0300] {standard_task_runner.py:64} INFO - Started process 90820 to run task
[2025-11-27T11:16:51.066-0300] {standard_task_runner.py:90} INFO - Running: ['airflow', 'tasks', 'run', 'pipeline_credito', 'load_db', 'manual__2025-11-27T14:15:48.851547+00:00', '--job-id', '9', '--raw', '--subdir', 'DAGS_FOLDER/pipeline_credito.py', '--cfg-path', '/var/folders/kp/1ymfmp052tn9dklz5wm2ff200000gn/T/tmpj_b5gat9']
[2025-11-27T11:16:51.067-0300] {standard_task_runner.py:91} INFO - Job 9: Subtask load_db
[2025-11-27T11:16:51.088-0300] {task_command.py:426} INFO - Running <TaskInstance: pipeline_credito.load_db manual__2025-11-27T14:15:48.851547+00:00 [running]> on host 192.168.0.3
[2025-11-27T11:16:51.121-0300] {taskinstance.py:2648} INFO - Exporting env vars: AIRFLOW_CTX_DAG_OWNER='airflow' AIRFLOW_CTX_DAG_ID='pipeline_credito' AIRFLOW_CTX_TASK_ID='load_db' AIRFLOW_CTX_EXECUTION_DATE='2025-11-27T14:15:48.851547+00:00' AIRFLOW_CTX_TRY_NUMBER='1' AIRFLOW_CTX_DAG_RUN_ID='manual__2025-11-27T14:15:48.851547+00:00'
[2025-11-27T11:16:51.122-0300] {taskinstance.py:430} INFO - ::endgroup::
[2025-11-27T11:16:51.122-0300] {subprocess.py:63} INFO - Tmp dir root location: /var/folders/kp/1ymfmp052tn9dklz5wm2ff200000gn/T
[2025-11-27T11:16:51.123-0300] {subprocess.py:75} INFO - Running command: ['/bin/bash', '-c', 'cd /Users/davispecia/Documents/GitHub/Pf_pipeline_dados/Projeto_final_fase3 && source /Users/davispecia/Documents/GitHub/Pf_pipeline_dados/Projeto_final_fase3/venv/bin/activate && export JAVA_HOME=$( /usr/libexec/java_home -v 17 ) && export PATH="$JAVA_HOME/bin:$PATH" && export PGHOST=localhost PGPORT=5433 PGDATABASE=pipeline PGUSER=postgres PGPASSWORD=postgres && cd /Users/davispecia/Documents/GitHub/Pf_pipeline_dados/Projeto_final_fase3 && python scripts/04_load_database.py']
[2025-11-27T11:16:51.138-0300] {subprocess.py:86} INFO - Output:
[2025-11-27T11:16:51.632-0300] {subprocess.py:93} INFO - WARNING: Using incubator modules: jdk.incubator.vector
[2025-11-27T11:16:52.194-0300] {subprocess.py:93} INFO - Using Spark's default log4j profile: org/apache/spark/log4j2-defaults.properties
[2025-11-27T11:16:52.195-0300] {subprocess.py:93} INFO - Setting default log level to "WARN".
[2025-11-27T11:16:52.195-0300] {subprocess.py:93} INFO - To adjust logging level use sc.setLogLevel(newLevel). For SparkR, use setLogLevel(newLevel).
[2025-11-27T11:16:52.556-0300] {subprocess.py:93} INFO - 25/11/27 11:16:52 WARN NativeCodeLoader: Unable to load native-hadoop library for your platform... using builtin-java classes where applicable
[2025-11-27T11:16:58.011-0300] {subprocess.py:93} INFO - Conexão com banco de dados PostgreSQL estabelecida
[2025-11-27T11:16:58.013-0300] {subprocess.py:93} INFO - Dados Silver carregados: 10476 registros
[2025-11-27T11:16:58.014-0300] {subprocess.py:93} INFO - Tabela projeto_final criada: 10476 registros
[2025-11-27T11:16:58.014-0300] {subprocess.py:93} INFO - Tabela metricas_estado criada: 5 registros
[2025-11-27T11:16:58.014-0300] {subprocess.py:93} INFO - Tabela ativos_patrimonio criada: 5 registros
[2025-11-27T11:16:58.014-0300] {subprocess.py:93} INFO - Tabelas GOLD estruturadas e relacionadas criadas com sucesso!
[2025-11-27T11:16:58.014-0300] {subprocess.py:93} INFO -  - ativos
[2025-11-27T11:16:58.015-0300] {subprocess.py:93} INFO -  - ativos_patrimonio
[2025-11-27T11:16:58.015-0300] {subprocess.py:93} INFO -  - clientes
[2025-11-27T11:16:58.015-0300] {subprocess.py:93} INFO -  - metricas_estado
[2025-11-27T11:16:58.016-0300] {subprocess.py:93} INFO -  - projeto_final
[2025-11-27T11:16:58.017-0300] {subprocess.py:93} INFO - Tabelas relacionadas criadas e salvas com sucesso!
[2025-11-27T11:16:59.303-0300] {subprocess.py:97} INFO - Command exited with return code 0
[2025-11-27T11:16:59.305-0300] {taskinstance.py:441} INFO - ::group::Post task execution logs
[2025-11-27T11:16:59.319-0300] {taskinstance.py:1206} INFO - Marking task as SUCCESS. dag_id=pipeline_credito, task_id=load_db, run_id=manual__2025-11-27T14:15:48.851547+00:00, execution_date=20251127T141548, start_date=20251127T141651, end_date=20251127T141659
[2025-11-27T11:16:59.365-0300] {local_task_job_runner.py:243} INFO - Task exited with return code 0
[2025-11-27T11:16:59.377-0300] {taskinstance.py:3503} INFO - 0 downstream tasks scheduled from follow-on schedule check
[2025-11-27T11:16:59.377-0300] {local_task_job_runner.py:222} INFO - ::endgroup::
