[2025-11-27T11:16:23.714-0300] {local_task_job_runner.py:120} INFO - ::group::Pre task execution logs
[2025-11-27T11:16:23.727-0300] {taskinstance.py:2076} INFO - Dependencies all met for dep_context=non-requeueable deps ti=<TaskInstance: pipeline_credito.silver manual__2025-11-27T14:15:48.851547+00:00 [queued]>
[2025-11-27T11:16:23.730-0300] {taskinstance.py:2076} INFO - Dependencies all met for dep_context=requeueable deps ti=<TaskInstance: pipeline_credito.silver manual__2025-11-27T14:15:48.851547+00:00 [queued]>
[2025-11-27T11:16:23.730-0300] {taskinstance.py:2306} INFO - Starting attempt 1 of 1
[2025-11-27T11:16:23.736-0300] {taskinstance.py:2330} INFO - Executing <Task(BashOperator): silver> on 2025-11-27 14:15:48.851547+00:00
[2025-11-27T11:16:23.743-0300] {standard_task_runner.py:64} INFO - Started process 90611 to run task
[2025-11-27T11:16:23.747-0300] {standard_task_runner.py:90} INFO - Running: ['airflow', 'tasks', 'run', 'pipeline_credito', 'silver', 'manual__2025-11-27T14:15:48.851547+00:00', '--job-id', '6', '--raw', '--subdir', 'DAGS_FOLDER/pipeline_credito.py', '--cfg-path', '/var/folders/kp/1ymfmp052tn9dklz5wm2ff200000gn/T/tmp19xrsgkc']
[2025-11-27T11:16:23.749-0300] {standard_task_runner.py:91} INFO - Job 6: Subtask silver
[2025-11-27T11:16:23.770-0300] {task_command.py:426} INFO - Running <TaskInstance: pipeline_credito.silver manual__2025-11-27T14:15:48.851547+00:00 [running]> on host 192.168.0.3
[2025-11-27T11:16:23.801-0300] {taskinstance.py:2648} INFO - Exporting env vars: AIRFLOW_CTX_DAG_OWNER='airflow' AIRFLOW_CTX_DAG_ID='pipeline_credito' AIRFLOW_CTX_TASK_ID='silver' AIRFLOW_CTX_EXECUTION_DATE='2025-11-27T14:15:48.851547+00:00' AIRFLOW_CTX_TRY_NUMBER='1' AIRFLOW_CTX_DAG_RUN_ID='manual__2025-11-27T14:15:48.851547+00:00'
[2025-11-27T11:16:23.802-0300] {taskinstance.py:430} INFO - ::endgroup::
[2025-11-27T11:16:23.802-0300] {subprocess.py:63} INFO - Tmp dir root location: /var/folders/kp/1ymfmp052tn9dklz5wm2ff200000gn/T
[2025-11-27T11:16:23.803-0300] {subprocess.py:75} INFO - Running command: ['/bin/bash', '-c', 'cd /Users/davispecia/Documents/GitHub/Pf_pipeline_dados/Projeto_final_fase3 && source /Users/davispecia/Documents/GitHub/Pf_pipeline_dados/Projeto_final_fase3/venv/bin/activate && export JAVA_HOME=$( /usr/libexec/java_home -v 17 ) && export PATH="$JAVA_HOME/bin:$PATH" && export PGHOST=localhost PGPORT=5433 PGDATABASE=pipeline PGUSER=postgres PGPASSWORD=postgres && cd /Users/davispecia/Documents/GitHub/Pf_pipeline_dados/Projeto_final_fase3 && python scripts/02_silver_layer.py']
[2025-11-27T11:16:23.812-0300] {subprocess.py:86} INFO - Output:
[2025-11-27T11:16:24.200-0300] {subprocess.py:93} INFO - WARNING: Using incubator modules: jdk.incubator.vector
[2025-11-27T11:16:24.752-0300] {subprocess.py:93} INFO - Using Spark's default log4j profile: org/apache/spark/log4j2-defaults.properties
[2025-11-27T11:16:24.752-0300] {subprocess.py:93} INFO - Setting default log level to "WARN".
[2025-11-27T11:16:24.753-0300] {subprocess.py:93} INFO - To adjust logging level use sc.setLogLevel(newLevel). For SparkR, use setLogLevel(newLevel).
[2025-11-27T11:16:25.117-0300] {subprocess.py:93} INFO - 25/11/27 11:16:25 WARN NativeCodeLoader: Unable to load native-hadoop library for your platform... using builtin-java classes where applicable
[2025-11-27T11:16:30.438-0300] {subprocess.py:93} INFO - Dados carregados da camada Bronze (10476 registros).
[2025-11-27T11:16:30.440-0300] {subprocess.py:93} INFO - Colunas textuais padronizadas: ['CODIGO_CLIENTE', 'UF', 'ESCOLARIDADE', 'ESTADO_CIVIL', 'ARQUIVO_FONTE']
[2025-11-27T11:16:30.440-0300] {subprocess.py:93} INFO - +--------------+---+-----+------------+------------+---------+------------+----------+----------+-----------+-----------------+--------------------------+----------------------+--------------+---------+-------------------+-----+-----------+-------------+
[2025-11-27T11:16:30.440-0300] {subprocess.py:93} INFO - |CODIGO_CLIENTE|UF |IDADE|ESCOLARIDADE|ESTADO_CIVIL|QT_FILHOS|CASA_PROPRIA|QT_IMOVEIS|VL_IMOVEIS|OUTRA_RENDA|OUTRA_RENDA_VALOR|TEMPO_ULTIMO_EMPREGO_MESES|TRABALHANDO_ATUALMENTE|ULTIMO_SALARIO|QT_CARROS|VALOR_TABELA_CARROS|SCORE|DATA_UPLOAD|ARQUIVO_FONTE|
[2025-11-27T11:16:30.441-0300] {subprocess.py:93} INFO - +--------------+---+-----+------------+------------+---------+------------+----------+----------+-----------+-----------------+--------------------------+----------------------+--------------+---------+-------------------+-----+-----------+-------------+
[2025-11-27T11:16:30.441-0300] {subprocess.py:93} INFO - |0             |0  |0    |0           |0           |0        |0           |0         |0         |0          |0                |0                         |0                     |3             |0        |0                  |0    |0          |0            |
[2025-11-27T11:16:30.441-0300] {subprocess.py:93} INFO - +--------------+---+-----+------------+------------+---------+------------+----------+----------+-----------+-----------------+--------------------------+----------------------+--------------+---------+-------------------+-----+-----------+-------------+
[2025-11-27T11:16:30.441-0300] {subprocess.py:93} INFO - 
[2025-11-27T11:16:30.441-0300] {subprocess.py:93} INFO - Mediana utilizada para ULTIMO_SALARIO: 6100.0
[2025-11-27T11:16:30.441-0300] {subprocess.py:93} INFO - Moda aplicada para QT_FILHOS: 1
[2025-11-27T11:16:30.441-0300] {subprocess.py:93} INFO - Duplicatas removidas: 0
[2025-11-27T11:16:30.442-0300] {subprocess.py:93} INFO - root
[2025-11-27T11:16:30.442-0300] {subprocess.py:93} INFO -  |-- CODIGO_CLIENTE: string (nullable = true)
[2025-11-27T11:16:30.442-0300] {subprocess.py:93} INFO -  |-- UF: string (nullable = true)
[2025-11-27T11:16:30.442-0300] {subprocess.py:93} INFO -  |-- IDADE: integer (nullable = true)
[2025-11-27T11:16:30.442-0300] {subprocess.py:93} INFO -  |-- ESCOLARIDADE: string (nullable = true)
[2025-11-27T11:16:30.442-0300] {subprocess.py:93} INFO -  |-- ESTADO_CIVIL: string (nullable = true)
[2025-11-27T11:16:30.442-0300] {subprocess.py:93} INFO -  |-- QT_FILHOS: integer (nullable = true)
[2025-11-27T11:16:30.443-0300] {subprocess.py:93} INFO -  |-- CASA_PROPRIA: boolean (nullable = true)
[2025-11-27T11:16:30.443-0300] {subprocess.py:93} INFO -  |-- QT_IMOVEIS: integer (nullable = true)
[2025-11-27T11:16:30.443-0300] {subprocess.py:93} INFO -  |-- VL_IMOVEIS: double (nullable = true)
[2025-11-27T11:16:30.443-0300] {subprocess.py:93} INFO -  |-- OUTRA_RENDA: boolean (nullable = true)
[2025-11-27T11:16:30.443-0300] {subprocess.py:93} INFO -  |-- OUTRA_RENDA_VALOR: double (nullable = true)
[2025-11-27T11:16:30.443-0300] {subprocess.py:93} INFO -  |-- TEMPO_ULTIMO_EMPREGO_MESES: integer (nullable = true)
[2025-11-27T11:16:30.443-0300] {subprocess.py:93} INFO -  |-- TRABALHANDO_ATUALMENTE: boolean (nullable = true)
[2025-11-27T11:16:30.444-0300] {subprocess.py:93} INFO -  |-- ULTIMO_SALARIO: double (nullable = true)
[2025-11-27T11:16:30.444-0300] {subprocess.py:93} INFO -  |-- QT_CARROS: integer (nullable = true)
[2025-11-27T11:16:30.444-0300] {subprocess.py:93} INFO -  |-- VALOR_TABELA_CARROS: double (nullable = true)
[2025-11-27T11:16:30.444-0300] {subprocess.py:93} INFO -  |-- SCORE: integer (nullable = true)
[2025-11-27T11:16:30.444-0300] {subprocess.py:93} INFO -  |-- DATA_UPLOAD: timestamp (nullable = true)
[2025-11-27T11:16:30.444-0300] {subprocess.py:93} INFO -  |-- ARQUIVO_FONTE: string (nullable = true)
[2025-11-27T11:16:30.444-0300] {subprocess.py:93} INFO - 
[2025-11-27T11:16:30.445-0300] {subprocess.py:93} INFO - +-----------+
[2025-11-27T11:16:30.445-0300] {subprocess.py:93} INFO - |RENDA_TOTAL|
[2025-11-27T11:16:30.445-0300] {subprocess.py:93} INFO - +-----------+
[2025-11-27T11:16:30.445-0300] {subprocess.py:93} INFO - |     4800.0|
[2025-11-27T11:16:30.445-0300] {subprocess.py:93} INFO - |     9000.0|
[2025-11-27T11:16:30.446-0300] {subprocess.py:93} INFO - |    15000.0|
[2025-11-27T11:16:30.446-0300] {subprocess.py:93} INFO - |     4500.0|
[2025-11-27T11:16:30.446-0300] {subprocess.py:93} INFO - |     6100.0|
[2025-11-27T11:16:30.446-0300] {subprocess.py:93} INFO - +-----------+
[2025-11-27T11:16:30.446-0300] {subprocess.py:93} INFO - only showing top 5 rows
[2025-11-27T11:16:30.447-0300] {subprocess.py:93} INFO - Dados limpos salvos: data/silver/dados_limpos.csv (registros=10476)
[2025-11-27T11:16:30.447-0300] {subprocess.py:93} INFO - +--------------+---+-----+---------------------+------------+---------+------------+----------+----------+-----------+-----------------+--------------------------+----------------------+--------------+---------+-------------------+-----+-----------------------+------------------+-----------+--------------------------+
[2025-11-27T11:16:30.447-0300] {subprocess.py:93} INFO - |CODIGO_CLIENTE|UF |IDADE|ESCOLARIDADE         |ESTADO_CIVIL|QT_FILHOS|CASA_PROPRIA|QT_IMOVEIS|VL_IMOVEIS|OUTRA_RENDA|OUTRA_RENDA_VALOR|TEMPO_ULTIMO_EMPREGO_MESES|TRABALHANDO_ATUALMENTE|ULTIMO_SALARIO|QT_CARROS|VALOR_TABELA_CARROS|SCORE|DATA_UPLOAD            |ARQUIVO_FONTE     |RENDA_TOTAL|DATA_TRATAMENTO           |
[2025-11-27T11:16:30.447-0300] {subprocess.py:93} INFO - +--------------+---+-----+---------------------+------------+---------+------------+----------+----------+-----------+-----------------+--------------------------+----------------------+--------------+---------+-------------------+-----+-----------------------+------------------+-----------+--------------------------+
[2025-11-27T11:16:30.447-0300] {subprocess.py:93} INFO - |251           |SC |53   |SUPERIOR CURSANDO    |CASADO      |2        |false       |0         |0.0       |false      |0.0              |9                         |false                 |4800.0        |1        |50000.0            |18   |2025-11-27 14:16:09.704|DADOS_CREDITO.XLSX|4800.0     |2025-11-27 14:16:30.280716|
[2025-11-27T11:16:30.447-0300] {subprocess.py:93} INFO - |411           |MG |23   |SUPERIOR CURSANDO    |CASADO      |2        |false       |1         |280000.0  |false      |0.0              |12                        |true                  |9000.0        |0        |0.0                |78   |2025-11-27 14:16:09.704|DADOS_CREDITO.XLSX|9000.0     |2025-11-27 14:16:30.280716|
[2025-11-27T11:16:30.448-0300] {subprocess.py:93} INFO - |753           |SP |19   |SUPERIOR CURSANDO    |SOLTEIRO    |0        |true        |2         |600000.0  |false      |0.0              |15                        |true                  |15000.0       |1        |70000.0            |67   |2025-11-27 14:16:09.704|DADOS_CREDITO.XLSX|15000.0    |2025-11-27 14:16:30.280716|
[2025-11-27T11:16:30.448-0300] {subprocess.py:93} INFO - |861           |SP |42   |SEGUNDO GRAU COMPLETO|CASADO      |0        |false       |0         |0.0       |false      |0.0              |48                        |true                  |4500.0        |2        |28000.0            |56   |2025-11-27 14:16:09.704|DADOS_CREDITO.XLSX|4500.0     |2025-11-27 14:16:30.280716|
[2025-11-27T11:16:30.448-0300] {subprocess.py:93} INFO - |1278          |MG |51   |SEGUNDO GRAU COMPLETO|DIVORCIADO  |1        |true        |0         |0.0       |false      |0.0              |80                        |false                 |6100.0        |2        |48000.0            |72   |2025-11-27 14:16:09.704|DADOS_CREDITO.XLSX|6100.0     |2025-11-27 14:16:30.280716|
[2025-11-27T11:16:30.448-0300] {subprocess.py:93} INFO - +--------------+---+-----+---------------------+------------+---------+------------+----------+----------+-----------+-----------------+--------------------------+----------------------+--------------+---------+-------------------+-----+-----------------------+------------------+-----------+--------------------------+
[2025-11-27T11:16:30.448-0300] {subprocess.py:93} INFO - only showing top 5 rows
[2025-11-27T11:16:30.945-0300] {subprocess.py:97} INFO - Command exited with return code 0
[2025-11-27T11:16:30.946-0300] {taskinstance.py:441} INFO - ::group::Post task execution logs
[2025-11-27T11:16:30.966-0300] {taskinstance.py:1206} INFO - Marking task as SUCCESS. dag_id=pipeline_credito, task_id=silver, run_id=manual__2025-11-27T14:15:48.851547+00:00, execution_date=20251127T141548, start_date=20251127T141623, end_date=20251127T141630
[2025-11-27T11:16:30.994-0300] {local_task_job_runner.py:243} INFO - Task exited with return code 0
[2025-11-27T11:16:31.008-0300] {taskinstance.py:3503} INFO - 1 downstream tasks scheduled from follow-on schedule check
[2025-11-27T11:16:31.009-0300] {local_task_job_runner.py:222} INFO - ::endgroup::
