[2025-11-27T11:15:50.680-0300] {local_task_job_runner.py:120} INFO - ::group::Pre task execution logs
[2025-11-27T11:15:50.693-0300] {taskinstance.py:2076} INFO - Dependencies all met for dep_context=non-requeueable deps ti=<TaskInstance: pipeline_credito.silver scheduled__2025-11-26T00:00:00+00:00 [queued]>
[2025-11-27T11:15:50.697-0300] {taskinstance.py:2076} INFO - Dependencies all met for dep_context=requeueable deps ti=<TaskInstance: pipeline_credito.silver scheduled__2025-11-26T00:00:00+00:00 [queued]>
[2025-11-27T11:15:50.697-0300] {taskinstance.py:2306} INFO - Starting attempt 1 of 1
[2025-11-27T11:15:50.704-0300] {taskinstance.py:2330} INFO - Executing <Task(BashOperator): silver> on 2025-11-26 00:00:00+00:00
[2025-11-27T11:15:50.712-0300] {standard_task_runner.py:64} INFO - Started process 90359 to run task
[2025-11-27T11:15:50.716-0300] {standard_task_runner.py:90} INFO - Running: ['airflow', 'tasks', 'run', 'pipeline_credito', 'silver', 'scheduled__2025-11-26T00:00:00+00:00', '--job-id', '3', '--raw', '--subdir', 'DAGS_FOLDER/pipeline_credito.py', '--cfg-path', '/var/folders/kp/1ymfmp052tn9dklz5wm2ff200000gn/T/tmp_0iwhl6a']
[2025-11-27T11:15:50.718-0300] {standard_task_runner.py:91} INFO - Job 3: Subtask silver
[2025-11-27T11:15:50.740-0300] {task_command.py:426} INFO - Running <TaskInstance: pipeline_credito.silver scheduled__2025-11-26T00:00:00+00:00 [running]> on host 192.168.0.3
[2025-11-27T11:15:50.773-0300] {taskinstance.py:2648} INFO - Exporting env vars: AIRFLOW_CTX_DAG_OWNER='airflow' AIRFLOW_CTX_DAG_ID='pipeline_credito' AIRFLOW_CTX_TASK_ID='silver' AIRFLOW_CTX_EXECUTION_DATE='2025-11-26T00:00:00+00:00' AIRFLOW_CTX_TRY_NUMBER='1' AIRFLOW_CTX_DAG_RUN_ID='scheduled__2025-11-26T00:00:00+00:00'
[2025-11-27T11:15:50.774-0300] {taskinstance.py:430} INFO - ::endgroup::
[2025-11-27T11:15:50.775-0300] {subprocess.py:63} INFO - Tmp dir root location: /var/folders/kp/1ymfmp052tn9dklz5wm2ff200000gn/T
[2025-11-27T11:15:50.775-0300] {subprocess.py:75} INFO - Running command: ['/bin/bash', '-c', 'cd /Users/davispecia/Documents/GitHub/Pf_pipeline_dados/Projeto_final_fase3 && source /Users/davispecia/Documents/GitHub/Pf_pipeline_dados/Projeto_final_fase3/venv/bin/activate && export JAVA_HOME=$( /usr/libexec/java_home -v 17 ) && export PATH="$JAVA_HOME/bin:$PATH" && export PGHOST=localhost PGPORT=5433 PGDATABASE=pipeline PGUSER=postgres PGPASSWORD=postgres && cd /Users/davispecia/Documents/GitHub/Pf_pipeline_dados/Projeto_final_fase3 && python scripts/02_silver_layer.py']
[2025-11-27T11:15:50.787-0300] {subprocess.py:86} INFO - Output:
[2025-11-27T11:15:51.292-0300] {subprocess.py:93} INFO - WARNING: Using incubator modules: jdk.incubator.vector
[2025-11-27T11:15:51.888-0300] {subprocess.py:93} INFO - Using Spark's default log4j profile: org/apache/spark/log4j2-defaults.properties
[2025-11-27T11:15:51.888-0300] {subprocess.py:93} INFO - Setting default log level to "WARN".
[2025-11-27T11:15:51.888-0300] {subprocess.py:93} INFO - To adjust logging level use sc.setLogLevel(newLevel). For SparkR, use setLogLevel(newLevel).
[2025-11-27T11:15:52.214-0300] {subprocess.py:93} INFO - 25/11/27 11:15:52 WARN NativeCodeLoader: Unable to load native-hadoop library for your platform... using builtin-java classes where applicable
[2025-11-27T11:15:57.797-0300] {subprocess.py:93} INFO - [Stage 6:>                                                          (0 + 1) / 1]                                                                                Dados carregados da camada Bronze (10476 registros).
[2025-11-27T11:15:57.801-0300] {subprocess.py:93} INFO - Colunas textuais padronizadas: ['CODIGO_CLIENTE', 'UF', 'ESCOLARIDADE', 'ESTADO_CIVIL', 'ARQUIVO_FONTE']
[2025-11-27T11:15:57.801-0300] {subprocess.py:93} INFO - +--------------+---+-----+------------+------------+---------+------------+----------+----------+-----------+-----------------+--------------------------+----------------------+--------------+---------+-------------------+-----+-----------+-------------+
[2025-11-27T11:15:57.802-0300] {subprocess.py:93} INFO - |CODIGO_CLIENTE|UF |IDADE|ESCOLARIDADE|ESTADO_CIVIL|QT_FILHOS|CASA_PROPRIA|QT_IMOVEIS|VL_IMOVEIS|OUTRA_RENDA|OUTRA_RENDA_VALOR|TEMPO_ULTIMO_EMPREGO_MESES|TRABALHANDO_ATUALMENTE|ULTIMO_SALARIO|QT_CARROS|VALOR_TABELA_CARROS|SCORE|DATA_UPLOAD|ARQUIVO_FONTE|
[2025-11-27T11:15:57.802-0300] {subprocess.py:93} INFO - +--------------+---+-----+------------+------------+---------+------------+----------+----------+-----------+-----------------+--------------------------+----------------------+--------------+---------+-------------------+-----+-----------+-------------+
[2025-11-27T11:15:57.802-0300] {subprocess.py:93} INFO - |0             |0  |0    |0           |0           |0        |0           |0         |0         |0          |0                |0                         |0                     |3             |0        |0                  |0    |0          |0            |
[2025-11-27T11:15:57.803-0300] {subprocess.py:93} INFO - +--------------+---+-----+------------+------------+---------+------------+----------+----------+-----------+-----------------+--------------------------+----------------------+--------------+---------+-------------------+-----+-----------+-------------+
[2025-11-27T11:15:57.803-0300] {subprocess.py:93} INFO - 
[2025-11-27T11:15:57.803-0300] {subprocess.py:93} INFO - Mediana utilizada para ULTIMO_SALARIO: 6100.0
[2025-11-27T11:15:57.804-0300] {subprocess.py:93} INFO - Moda aplicada para QT_FILHOS: 1
[2025-11-27T11:15:57.804-0300] {subprocess.py:93} INFO - Duplicatas removidas: 0
[2025-11-27T11:15:57.804-0300] {subprocess.py:93} INFO - root
[2025-11-27T11:15:57.804-0300] {subprocess.py:93} INFO -  |-- CODIGO_CLIENTE: string (nullable = true)
[2025-11-27T11:15:57.804-0300] {subprocess.py:93} INFO -  |-- UF: string (nullable = true)
[2025-11-27T11:15:57.805-0300] {subprocess.py:93} INFO -  |-- IDADE: integer (nullable = true)
[2025-11-27T11:15:57.805-0300] {subprocess.py:93} INFO -  |-- ESCOLARIDADE: string (nullable = true)
[2025-11-27T11:15:57.805-0300] {subprocess.py:93} INFO -  |-- ESTADO_CIVIL: string (nullable = true)
[2025-11-27T11:15:57.805-0300] {subprocess.py:93} INFO -  |-- QT_FILHOS: integer (nullable = true)
[2025-11-27T11:15:57.805-0300] {subprocess.py:93} INFO -  |-- CASA_PROPRIA: boolean (nullable = true)
[2025-11-27T11:15:57.805-0300] {subprocess.py:93} INFO -  |-- QT_IMOVEIS: integer (nullable = true)
[2025-11-27T11:15:57.806-0300] {subprocess.py:93} INFO -  |-- VL_IMOVEIS: double (nullable = true)
[2025-11-27T11:15:57.806-0300] {subprocess.py:93} INFO -  |-- OUTRA_RENDA: boolean (nullable = true)
[2025-11-27T11:15:57.806-0300] {subprocess.py:93} INFO -  |-- OUTRA_RENDA_VALOR: double (nullable = true)
[2025-11-27T11:15:57.806-0300] {subprocess.py:93} INFO -  |-- TEMPO_ULTIMO_EMPREGO_MESES: integer (nullable = true)
[2025-11-27T11:15:57.806-0300] {subprocess.py:93} INFO -  |-- TRABALHANDO_ATUALMENTE: boolean (nullable = true)
[2025-11-27T11:15:57.807-0300] {subprocess.py:93} INFO -  |-- ULTIMO_SALARIO: double (nullable = true)
[2025-11-27T11:15:57.807-0300] {subprocess.py:93} INFO -  |-- QT_CARROS: integer (nullable = true)
[2025-11-27T11:15:57.807-0300] {subprocess.py:93} INFO -  |-- VALOR_TABELA_CARROS: double (nullable = true)
[2025-11-27T11:15:57.807-0300] {subprocess.py:93} INFO -  |-- SCORE: integer (nullable = true)
[2025-11-27T11:15:57.807-0300] {subprocess.py:93} INFO -  |-- DATA_UPLOAD: timestamp (nullable = true)
[2025-11-27T11:15:57.808-0300] {subprocess.py:93} INFO -  |-- ARQUIVO_FONTE: string (nullable = true)
[2025-11-27T11:15:57.808-0300] {subprocess.py:93} INFO - 
[2025-11-27T11:15:57.808-0300] {subprocess.py:93} INFO - +-----------+
[2025-11-27T11:15:57.808-0300] {subprocess.py:93} INFO - |RENDA_TOTAL|
[2025-11-27T11:15:57.808-0300] {subprocess.py:93} INFO - +-----------+
[2025-11-27T11:15:57.809-0300] {subprocess.py:93} INFO - |     3900.0|
[2025-11-27T11:15:57.809-0300] {subprocess.py:93} INFO - |    11500.0|
[2025-11-27T11:15:57.809-0300] {subprocess.py:93} INFO - |     9800.0|
[2025-11-27T11:15:57.810-0300] {subprocess.py:93} INFO - |     6100.0|
[2025-11-27T11:15:57.810-0300] {subprocess.py:93} INFO - |     1800.0|
[2025-11-27T11:15:57.810-0300] {subprocess.py:93} INFO - +-----------+
[2025-11-27T11:15:57.810-0300] {subprocess.py:93} INFO - only showing top 5 rows
[2025-11-27T11:15:57.811-0300] {subprocess.py:93} INFO - Dados limpos salvos: data/silver/dados_limpos.csv (registros=10476)
[2025-11-27T11:15:57.811-0300] {subprocess.py:93} INFO - +--------------+---+-----+---------------------+------------+---------+------------+----------+----------+-----------+-----------------+--------------------------+----------------------+--------------+---------+-------------------+-----+-----------------------+------------------+-----------+--------------------------+
[2025-11-27T11:15:57.811-0300] {subprocess.py:93} INFO - |CODIGO_CLIENTE|UF |IDADE|ESCOLARIDADE         |ESTADO_CIVIL|QT_FILHOS|CASA_PROPRIA|QT_IMOVEIS|VL_IMOVEIS|OUTRA_RENDA|OUTRA_RENDA_VALOR|TEMPO_ULTIMO_EMPREGO_MESES|TRABALHANDO_ATUALMENTE|ULTIMO_SALARIO|QT_CARROS|VALOR_TABELA_CARROS|SCORE|DATA_UPLOAD            |ARQUIVO_FONTE     |RENDA_TOTAL|DATA_TRATAMENTO           |
[2025-11-27T11:15:57.811-0300] {subprocess.py:93} INFO - +--------------+---+-----+---------------------+------------+---------+------------+----------+----------+-----------+-----------------+--------------------------+----------------------+--------------+---------+-------------------+-----+-----------------------+------------------+-----------+--------------------------+
[2025-11-27T11:15:57.811-0300] {subprocess.py:93} INFO - |123           |PR |27   |SUPERIOR CURSANDO    |CASADO      |1        |true        |0         |0.0       |false      |0.0              |22                        |false                 |3900.0        |0        |0.0                |28   |2025-11-27 14:15:46.084|DADOS_CREDITO.XLSX|3900.0     |2025-11-27 14:15:57.635414|
[2025-11-27T11:15:57.812-0300] {subprocess.py:93} INFO - |182           |MG |51   |SEGUNDO GRAU COMPLETO|DIVORCIADO  |1        |false       |1         |370000.0  |false      |0.0              |30                        |true                  |11500.0       |1        |35000.0            |34   |2025-11-27 14:15:46.084|DADOS_CREDITO.XLSX|11500.0    |2025-11-27 14:15:57.635414|
[2025-11-27T11:15:57.812-0300] {subprocess.py:93} INFO - |208           |PR |27   |SUPERIOR CURSANDO    |CASADO      |1        |true        |1         |185000.0  |true       |3000.0           |19                        |true                  |6800.0        |0        |0.0                |45   |2025-11-27 14:15:46.084|DADOS_CREDITO.XLSX|9800.0     |2025-11-27 14:15:57.635414|
[2025-11-27T11:15:57.812-0300] {subprocess.py:93} INFO - |290           |RJ |25   |SUPERIOR CURSANDO    |CASADO      |3        |true        |0         |0.0       |false      |0.0              |80                        |false                 |6100.0        |2        |48000.0            |72   |2025-11-27 14:15:46.084|DADOS_CREDITO.XLSX|6100.0     |2025-11-27 14:15:57.635414|
[2025-11-27T11:15:57.812-0300] {subprocess.py:93} INFO - |399           |MG |19   |SUPERIOR CURSANDO    |SOLTEIRO    |0        |false       |0         |0.0       |false      |0.0              |8                         |true                  |1800.0        |0        |0.0                |12   |2025-11-27 14:15:46.084|DADOS_CREDITO.XLSX|1800.0     |2025-11-27 14:15:57.635414|
[2025-11-27T11:15:57.813-0300] {subprocess.py:93} INFO - +--------------+---+-----+---------------------+------------+---------+------------+----------+----------+-----------+-----------------+--------------------------+----------------------+--------------+---------+-------------------+-----+-----------------------+------------------+-----------+--------------------------+
[2025-11-27T11:15:57.813-0300] {subprocess.py:93} INFO - only showing top 5 rows
[2025-11-27T11:15:58.351-0300] {subprocess.py:97} INFO - Command exited with return code 0
[2025-11-27T11:15:58.352-0300] {taskinstance.py:441} INFO - ::group::Post task execution logs
[2025-11-27T11:15:58.373-0300] {taskinstance.py:1206} INFO - Marking task as SUCCESS. dag_id=pipeline_credito, task_id=silver, run_id=scheduled__2025-11-26T00:00:00+00:00, execution_date=20251126T000000, start_date=20251127T141550, end_date=20251127T141558
[2025-11-27T11:15:58.403-0300] {local_task_job_runner.py:243} INFO - Task exited with return code 0
[2025-11-27T11:15:58.423-0300] {taskinstance.py:3503} INFO - 1 downstream tasks scheduled from follow-on schedule check
[2025-11-27T11:15:58.423-0300] {local_task_job_runner.py:222} INFO - ::endgroup::
