[2025-11-27T11:16:32.469-0300] {local_task_job_runner.py:120} INFO - ::group::Pre task execution logs
[2025-11-27T11:16:32.482-0300] {taskinstance.py:2076} INFO - Dependencies all met for dep_context=non-requeueable deps ti=<TaskInstance: pipeline_credito.load_db scheduled__2025-11-26T00:00:00+00:00 [queued]>
[2025-11-27T11:16:32.484-0300] {taskinstance.py:2076} INFO - Dependencies all met for dep_context=requeueable deps ti=<TaskInstance: pipeline_credito.load_db scheduled__2025-11-26T00:00:00+00:00 [queued]>
[2025-11-27T11:16:32.484-0300] {taskinstance.py:2306} INFO - Starting attempt 1 of 1
[2025-11-27T11:16:32.490-0300] {taskinstance.py:2330} INFO - Executing <Task(BashOperator): load_db> on 2025-11-26 00:00:00+00:00
[2025-11-27T11:16:32.498-0300] {standard_task_runner.py:64} INFO - Started process 90665 to run task
[2025-11-27T11:16:32.501-0300] {standard_task_runner.py:90} INFO - Running: ['airflow', 'tasks', 'run', 'pipeline_credito', 'load_db', 'scheduled__2025-11-26T00:00:00+00:00', '--job-id', '7', '--raw', '--subdir', 'DAGS_FOLDER/pipeline_credito.py', '--cfg-path', '/var/folders/kp/1ymfmp052tn9dklz5wm2ff200000gn/T/tmpxrqhw14g']
[2025-11-27T11:16:32.502-0300] {standard_task_runner.py:91} INFO - Job 7: Subtask load_db
[2025-11-27T11:16:32.522-0300] {task_command.py:426} INFO - Running <TaskInstance: pipeline_credito.load_db scheduled__2025-11-26T00:00:00+00:00 [running]> on host 192.168.0.3
[2025-11-27T11:16:32.550-0300] {taskinstance.py:2648} INFO - Exporting env vars: AIRFLOW_CTX_DAG_OWNER='airflow' AIRFLOW_CTX_DAG_ID='pipeline_credito' AIRFLOW_CTX_TASK_ID='load_db' AIRFLOW_CTX_EXECUTION_DATE='2025-11-26T00:00:00+00:00' AIRFLOW_CTX_TRY_NUMBER='1' AIRFLOW_CTX_DAG_RUN_ID='scheduled__2025-11-26T00:00:00+00:00'
[2025-11-27T11:16:32.551-0300] {taskinstance.py:430} INFO - ::endgroup::
[2025-11-27T11:16:32.552-0300] {subprocess.py:63} INFO - Tmp dir root location: /var/folders/kp/1ymfmp052tn9dklz5wm2ff200000gn/T
[2025-11-27T11:16:32.552-0300] {subprocess.py:75} INFO - Running command: ['/bin/bash', '-c', 'cd /Users/davispecia/Documents/GitHub/Pf_pipeline_dados/Projeto_final_fase3 && source /Users/davispecia/Documents/GitHub/Pf_pipeline_dados/Projeto_final_fase3/venv/bin/activate && export JAVA_HOME=$( /usr/libexec/java_home -v 17 ) && export PATH="$JAVA_HOME/bin:$PATH" && export PGHOST=localhost PGPORT=5433 PGDATABASE=pipeline PGUSER=postgres PGPASSWORD=postgres && cd /Users/davispecia/Documents/GitHub/Pf_pipeline_dados/Projeto_final_fase3 && python scripts/04_load_database.py']
[2025-11-27T11:16:32.560-0300] {subprocess.py:86} INFO - Output:
[2025-11-27T11:16:32.935-0300] {subprocess.py:93} INFO - WARNING: Using incubator modules: jdk.incubator.vector
[2025-11-27T11:16:33.440-0300] {subprocess.py:93} INFO - Using Spark's default log4j profile: org/apache/spark/log4j2-defaults.properties
[2025-11-27T11:16:33.441-0300] {subprocess.py:93} INFO - Setting default log level to "WARN".
[2025-11-27T11:16:33.441-0300] {subprocess.py:93} INFO - To adjust logging level use sc.setLogLevel(newLevel). For SparkR, use setLogLevel(newLevel).
[2025-11-27T11:16:33.727-0300] {subprocess.py:93} INFO - 25/11/27 11:16:33 WARN NativeCodeLoader: Unable to load native-hadoop library for your platform... using builtin-java classes where applicable
[2025-11-27T11:16:38.355-0300] {subprocess.py:93} INFO - Conexão com banco de dados PostgreSQL estabelecida
[2025-11-27T11:16:38.357-0300] {subprocess.py:93} INFO - Dados Silver carregados: 10476 registros
[2025-11-27T11:16:38.358-0300] {subprocess.py:93} INFO - Tabela projeto_final criada: 10476 registros
[2025-11-27T11:16:38.358-0300] {subprocess.py:93} INFO - Tabela metricas_estado criada: 5 registros
[2025-11-27T11:16:38.358-0300] {subprocess.py:93} INFO - Tabela ativos_patrimonio criada: 5 registros
[2025-11-27T11:16:38.358-0300] {subprocess.py:93} INFO - Tabelas GOLD estruturadas e relacionadas criadas com sucesso!
[2025-11-27T11:16:38.358-0300] {subprocess.py:93} INFO -  - ativos
[2025-11-27T11:16:38.358-0300] {subprocess.py:93} INFO -  - ativos_patrimonio
[2025-11-27T11:16:38.359-0300] {subprocess.py:93} INFO -  - clientes
[2025-11-27T11:16:38.359-0300] {subprocess.py:93} INFO -  - metricas_estado
[2025-11-27T11:16:38.359-0300] {subprocess.py:93} INFO -  - projeto_final
[2025-11-27T11:16:38.359-0300] {subprocess.py:93} INFO - Tabelas relacionadas criadas e salvas com sucesso!
[2025-11-27T11:16:38.856-0300] {subprocess.py:97} INFO - Command exited with return code 0
[2025-11-27T11:16:38.858-0300] {taskinstance.py:441} INFO - ::group::Post task execution logs
[2025-11-27T11:16:38.878-0300] {taskinstance.py:1206} INFO - Marking task as SUCCESS. dag_id=pipeline_credito, task_id=load_db, run_id=scheduled__2025-11-26T00:00:00+00:00, execution_date=20251126T000000, start_date=20251127T141632, end_date=20251127T141638
[2025-11-27T11:16:38.929-0300] {local_task_job_runner.py:243} INFO - Task exited with return code 0
[2025-11-27T11:16:38.938-0300] {taskinstance.py:3503} INFO - 0 downstream tasks scheduled from follow-on schedule check
[2025-11-27T11:16:38.939-0300] {local_task_job_runner.py:222} INFO - ::endgroup::
